[2026-07-23T05:25:49.444699+02:00] php.INFO: User Deprecated: Since symfony/validator 6.2: The "loose" mode is deprecated. It will be removed in 7.0 and the default mode will be changed to "html5". {"exception":"[object] (ErrorException(code: 0): User Deprecated: Since symfony/validator 6.2: The \"loose\" mode is deprecated. It will be removed in 7.0 and the default mode will be changed to \"html5\". at C:\\xampp\\htdocs\\nantech-store\\vendor\\symfony\\validator\\Constraints\\EmailValidator.php:48)"} []
[2026-07-23T05:25:53.968114+02:00] php.INFO: User Deprecated: Since PrestaShop\PrestaShop 9: The "prestashop.adapter.cache.clearer.symfony_cache_clearer" service alias is deprecated. You should stop using it, as it will be removed in the future. {"exception":"[object] (ErrorException(code: 0): User Deprecated: Since PrestaShop\\PrestaShop 9: The \"prestashop.adapter.cache.clearer.symfony_cache_clearer\" service alias is deprecated. You should stop using it, as it will be removed in the future. at C:\\xampp\\htdocs\\nantech-store\\var\\cache\\prod\\admin\\ContainerD5RVPcS\\AdminKernelProdContainer.php:5897)"} []
[2026-07-23T05:25:55.252591+02:00] php.INFO: User Deprecated: Not configuring a schema manager factory is deprecated. Use Doctrine\DBAL\Schema\DefaultSchemaManagerFactory which is going to be the default in DBAL 4. (Connection.php:222 called by DriverManager.php:197, https://github.com/doctrine/dbal/issues/5812, package doctrine/dbal) {"exception":"[object] (ErrorException(code: 0): User Deprecated: Not configuring a schema manager factory is deprecated. Use Doctrine\\DBAL\\Schema\\DefaultSchemaManagerFactory which is going to be the default in DBAL 4. (Connection.php:222 called by DriverManager.php:197, https://github.com/doctrine/dbal/issues/5812, package doctrine/dbal) at C:\\xampp\\htdocs\\nantech-store\\vendor\\doctrine\\deprecations\\src\\Deprecation.php:208)"} []
[2026-07-23T05:25:55.254563+02:00] php.INFO: User Deprecated: Since symfony/doctrine-bridge 6.3: The "Symfony\Bridge\Doctrine\SchemaListener\MessengerTransportDoctrineSchemaSubscriber" class is deprecated. Use "Symfony\Bridge\Doctrine\SchemaListener\MessengerTransportDoctrineSchemaListener" instead. {"exception":"[object] (ErrorException(code: 0): User Deprecated: Since symfony/doctrine-bridge 6.3: The \"Symfony\\Bridge\\Doctrine\\SchemaListener\\MessengerTransportDoctrineSchemaSubscriber\" class is deprecated. Use \"Symfony\\Bridge\\Doctrine\\SchemaListener\\MessengerTransportDoctrineSchemaListener\" instead. at C:\\xampp\\htdocs\\nantech-store\\vendor\\symfony\\doctrine-bridge\\SchemaListener\\MessengerTransportDoctrineSchemaSubscriber.php:18)"} []
[2026-07-23T05:25:55.254707+02:00] php.INFO: User Deprecated: Since symfony/doctrine-bridge 6.3: Registering "Symfony\Bridge\Doctrine\SchemaListener\MessengerTransportDoctrineSchemaSubscriber" as a Doctrine subscriber is deprecated. Register it as a listener instead, using e.g. the #[AsDoctrineListener] or #[AsDocumentListener] attribute. {"exception":"[object] (ErrorException(code: 0): User Deprecated: Since symfony/doctrine-bridge 6.3: Registering \"Symfony\\Bridge\\Doctrine\\SchemaListener\\MessengerTransportDoctrineSchemaSubscriber\" as a Doctrine subscriber is deprecated. Register it as a listener instead, using e.g. the #[AsDoctrineListener] or #[AsDocumentListener] attribute. at C:\\xampp\\htdocs\\nantech-store\\vendor\\symfony\\doctrine-bridge\\ContainerAwareEventManager.php:211)"} []
[2026-07-23T05:25:55.255262+02:00] php.INFO: User Deprecated: Since symfony/doctrine-bridge 6.3: The "Symfony\Bridge\Doctrine\SchemaListener\DoctrineDbalCacheAdapterSchemaSubscriber" class is deprecated. Use "Symfony\Bridge\Doctrine\SchemaListener\DoctrineDbalCacheAdapterSchemaListener" instead. {"exception":"[object] (ErrorException(code: 0): User Deprecated: Since symfony/doctrine-bridge 6.3: The \"Symfony\\Bridge\\Doctrine\\SchemaListener\\DoctrineDbalCacheAdapterSchemaSubscriber\" class is deprecated. Use \"Symfony\\Bridge\\Doctrine\\SchemaListener\\DoctrineDbalCacheAdapterSchemaListener\" instead. at C:\\xampp\\htdocs\\nantech-store\\vendor\\symfony\\doctrine-bridge\\SchemaListener\\DoctrineDbalCacheAdapterSchemaSubscriber.php:17)"} []
[2026-07-23T05:25:55.255324+02:00] php.INFO: User Deprecated: Since symfony/doctrine-bridge 6.3: Registering "Symfony\Bridge\Doctrine\SchemaListener\DoctrineDbalCacheAdapterSchemaSubscriber" as a Doctrine subscriber is deprecated. Register it as a listener instead, using e.g. the #[AsDoctrineListener] or #[AsDocumentListener] attribute. {"exception":"[object] (ErrorException(code: 0): User Deprecated: Since symfony/doctrine-bridge 6.3: Registering \"Symfony\\Bridge\\Doctrine\\SchemaListener\\DoctrineDbalCacheAdapterSchemaSubscriber\" as a Doctrine subscriber is deprecated. Register it as a listener instead, using e.g. the #[AsDoctrineListener] or #[AsDocumentListener] attribute. at C:\\xampp\\htdocs\\nantech-store\\vendor\\symfony\\doctrine-bridge\\ContainerAwareEventManager.php:211)"} []
[2026-07-23T05:25:55.255827+02:00] php.INFO: User Deprecated: Since symfony/doctrine-bridge 6.3: The "Symfony\Bridge\Doctrine\SchemaListener\RememberMeTokenProviderDoctrineSchemaSubscriber" class is deprecated. Use "Symfony\Bridge\Doctrine\SchemaListener\RememberMeTokenProviderDoctrineSchemaListener" instead. {"exception":"[object] (ErrorException(code: 0): User Deprecated: Since symfony/doctrine-bridge 6.3: The \"Symfony\\Bridge\\Doctrine\\SchemaListener\\RememberMeTokenProviderDoctrineSchemaSubscriber\" class is deprecated. Use \"Symfony\\Bridge\\Doctrine\\SchemaListener\\RememberMeTokenProviderDoctrineSchemaListener\" instead. at C:\\xampp\\htdocs\\nantech-store\\vendor\\symfony\\doctrine-bridge\\SchemaListener\\RememberMeTokenProviderDoctrineSchemaSubscriber.php:18)"} []
[2026-07-23T05:25:55.255890+02:00] php.INFO: User Deprecated: Since symfony/doctrine-bridge 6.3: Registering "Symfony\Bridge\Doctrine\SchemaListener\RememberMeTokenProviderDoctrineSchemaSubscriber" as a Doctrine subscriber is deprecated. Register it as a listener instead, using e.g. the #[AsDoctrineListener] or #[AsDocumentListener] attribute. {"exception":"[object] (ErrorException(code: 0): User Deprecated: Since symfony/doctrine-bridge 6.3: Registering \"Symfony\\Bridge\\Doctrine\\SchemaListener\\RememberMeTokenProviderDoctrineSchemaSubscriber\" as a Doctrine subscriber is deprecated. Register it as a listener instead, using e.g. the #[AsDoctrineListener] or #[AsDocumentListener] attribute. at C:\\xampp\\htdocs\\nantech-store\\vendor\\symfony\\doctrine-bridge\\ContainerAwareEventManager.php:211)"} []
[2026-07-23T05:25:55.258763+02:00] php.INFO: User Deprecated: Since symfony/framework-bundle 6.4: The "annotations.cached_reader" service is deprecated without replacement. {"exception":"[object] (ErrorException(code: 0): User Deprecated: Since symfony/framework-bundle 6.4: The \"annotations.cached_reader\" service is deprecated without replacement. at C:\\xampp\\htdocs\\nantech-store\\var\\cache\\prod\\admin\\ContainerD5RVPcS\\getAnnotations_CachedReaderService.php:23)"} []
[2026-07-23T05:25:55.259425+02:00] php.INFO: User Deprecated: Since symfony/framework-bundle 6.4: The "annotations.reader" service is deprecated without replacement. {"exception":"[object] (ErrorException(code: 0): User Deprecated: Since symfony/framework-bundle 6.4: The \"annotations.reader\" service is deprecated without replacement. at C:\\xampp\\htdocs\\nantech-store\\var\\cache\\prod\\admin\\ContainerD5RVPcS\\getAnnotations_ReaderService.php:23)"} []
[2026-07-23T05:25:55.260103+02:00] php.INFO: User Deprecated: Since symfony/framework-bundle 6.4: The "annotations.cache_adapter" service is deprecated without replacement. {"exception":"[object] (ErrorException(code: 0): User Deprecated: Since symfony/framework-bundle 6.4: The \"annotations.cache_adapter\" service is deprecated without replacement. at C:\\xampp\\htdocs\\nantech-store\\var\\cache\\prod\\admin\\ContainerD5RVPcS\\getAnnotations_CacheAdapterService.php:23)"} []
[2026-07-23T05:25:55.260697+02:00] php.INFO: User Deprecated: The annotation mapping driver is deprecated and will be removed in Doctrine ORM 3.0, please migrate to the attribute or XML driver. (AnnotationDriver.php:65 called by AdminKernelProdContainer.php:4710, https://github.com/doctrine/orm/issues/10098, package doctrine/orm) {"exception":"[object] (ErrorException(code: 0): User Deprecated: The annotation mapping driver is deprecated and will be removed in Doctrine ORM 3.0, please migrate to the attribute or XML driver. (AnnotationDriver.php:65 called by AdminKernelProdContainer.php:4710, https://github.com/doctrine/orm/issues/10098, package doctrine/orm) at C:\\xampp\\htdocs\\nantech-store\\vendor\\doctrine\\deprecations\\src\\Deprecation.php:208)"} []
[2026-07-23T05:25:55.260717+02:00] php.INFO: User Deprecated: In ORM 3.0, the AttributeDriver will report fields for the classes where they are declared. This may uncover invalid mapping configurations. To opt into the new mode also with the AnnotationDriver today, set the "reportFieldsWhereDeclared" constructor parameter to true. (AnnotationDriver.php:75 called by AdminKernelProdContainer.php:4710, https://github.com/doctrine/orm/pull/10455, package doctrine/orm) {"exception":"[object] (ErrorException(code: 0): User Deprecated: In ORM 3.0, the AttributeDriver will report fields for the classes where they are declared. This may uncover invalid mapping configurations. To opt into the new mode also with the AnnotationDriver today, set the \"reportFieldsWhereDeclared\" constructor parameter to true. (AnnotationDriver.php:75 called by AdminKernelProdContainer.php:4710, https://github.com/doctrine/orm/pull/10455, package doctrine/orm) at C:\\xampp\\htdocs\\nantech-store\\vendor\\doctrine\\deprecations\\src\\Deprecation.php:208)"} []
[2026-07-23T05:25:55.261675+02:00] php.INFO: User Deprecated: Doctrine\ORM\EntityManager::create() is deprecated. To bootstrap a DBAL connection, call Doctrine\DBAL\DriverManager::getConnection() instead. Use the constructor to create an instance of Doctrine\ORM\EntityManager. (EntityManager.php:995 called by AdminKernelProdContainer.php:2931, https://github.com/doctrine/orm/pull/9961, package doctrine/orm) {"exception":"[object] (ErrorException(code: 0): User Deprecated: Doctrine\\ORM\\EntityManager::create() is deprecated. To bootstrap a DBAL connection, call Doctrine\\DBAL\\DriverManager::getConnection() instead. Use the constructor to create an instance of Doctrine\\ORM\\EntityManager. (EntityManager.php:995 called by AdminKernelProdContainer.php:2931, https://github.com/doctrine/orm/pull/9961, package doctrine/orm) at C:\\xampp\\htdocs\\nantech-store\\vendor\\doctrine\\deprecations\\src\\Deprecation.php:208)"} []
[2026-07-23T05:25:55.261700+02:00] php.INFO: User Deprecated: Doctrine\DBAL\Connection::getEventManager is deprecated. (Connection.php:298 called by EntityManager.php:166, https://github.com/doctrine/dbal/issues/5784, package doctrine/dbal) {"exception":"[object] (ErrorException(code: 0): User Deprecated: Doctrine\\DBAL\\Connection::getEventManager is deprecated. (Connection.php:298 called by EntityManager.php:166, https://github.com/doctrine/dbal/issues/5784, package doctrine/dbal) at C:\\xampp\\htdocs\\nantech-store\\vendor\\doctrine\\deprecations\\src\\Deprecation.php:208)"} []
[2026-07-23T05:25:55.262411+02:00] php.INFO: User Deprecated: Not enabling lazy ghost objects is deprecated and will not be supported in Doctrine ORM 3.0. Ensure Doctrine\ORM\Configuration::setLazyGhostObjectEnabled(true) is called to enable them. (ProxyFactory.php:166 called by EntityManager.php:177, https://github.com/doctrine/orm/pull/10837/, package doctrine/orm) {"exception":"[object] (ErrorException(code: 0): User Deprecated: Not enabling lazy ghost objects is deprecated and will not be supported in Doctrine ORM 3.0. Ensure Doctrine\\ORM\\Configuration::setLazyGhostObjectEnabled(true) is called to enable them. (ProxyFactory.php:166 called by EntityManager.php:177, https://github.com/doctrine/orm/pull/10837/, package doctrine/orm) at C:\\xampp\\htdocs\\nantech-store\\vendor\\doctrine\\deprecations\\src\\Deprecation.php:208)"} []
[2026-07-23T10:25:56.140224+07:00] app.INFO: Exporting mail with theme modern for language Indonesia (Indonesia), Core output folder: C:\xampp\htdocs\nantech-store/mails, Modules output folder: C:\xampp\htdocs\nantech-store/modules/ [] []
[2026-07-23T05:25:57.756103+02:00] php.INFO: User Deprecated: Since twig/twig 3.15: Using the "deprecated", "deprecating_package", and "alternative" options is deprecated, pass a "deprecation_info" one instead. {"exception":"[object] (ErrorException(code: 0): User Deprecated: Since twig/twig 3.15: Using the \"deprecated\", \"deprecating_package\", and \"alternative\" options is deprecated, pass a \"deprecation_info\" one instead. at C:\\xampp\\htdocs\\nantech-store\\vendor\\twig\\twig\\src\\AbstractTwigCallable.php:52)"} []
[2026-07-23T05:25:57.756175+02:00] php.INFO: User Deprecated: Since twig/twig 3.15: Using the "deprecated", "deprecating_package", and "alternative" options is deprecated, pass a "deprecation_info" one instead. {"exception":"[object] (ErrorException(code: 0): User Deprecated: Since twig/twig 3.15: Using the \"deprecated\", \"deprecating_package\", and \"alternative\" options is deprecated, pass a \"deprecation_info\" one instead. at C:\\xampp\\htdocs\\nantech-store\\vendor\\twig\\twig\\src\\AbstractTwigCallable.php:52)"} []
[2026-07-23T10:26:01.698737+07:00] app.DEBUG: Generate html template account at C:\xampp\htdocs\nantech-store/mails\id\account.html [] []
[2026-07-23T10:26:01.721155+07:00] app.DEBUG: Generate txt template account at C:\xampp\htdocs\nantech-store/mails\id\account.txt [] []
[2026-07-23T10:26:01.796152+07:00] app.DEBUG: Generate html template backoffice_order at C:\xampp\htdocs\nantech-store/mails\id\backoffice_order.html [] []
[2026-07-23T10:26:01.800026+07:00] app.DEBUG: Generate txt template backoffice_order at C:\xampp\htdocs\nantech-store/mails\id\backoffice_order.txt [] []
[2026-07-23T10:26:01.893979+07:00] app.DEBUG: Generate html template bankwire at C:\xampp\htdocs\nantech-store/mails\id\bankwire.html [] []
[2026-07-23T10:26:01.897214+07:00] app.DEBUG: Generate txt template bankwire at C:\xampp\htdocs\nantech-store/mails\id\bankwire.txt [] []
[2026-07-23T10:26:02.003459+07:00] app.DEBUG: Generate html template cheque at C:\xampp\htdocs\nantech-store/mails\id\cheque.html [] []
[2026-07-23T10:26:02.010285+07:00] app.DEBUG: Generate txt template cheque at C:\xampp\htdocs\nantech-store/mails\id\cheque.txt [] []
[2026-07-23T10:26:02.099045+07:00] app.DEBUG: Generate html template contact at C:\xampp\htdocs\nantech-store/mails\id\contact.html [] []
[2026-07-23T10:26:02.101687+07:00] app.DEBUG: Generate txt template contact at C:\xampp\htdocs\nantech-store/mails\id\contact.txt [] []
[2026-07-23T10:26:02.208261+07:00] app.DEBUG: Generate html template contact_form at C:\xampp\htdocs\nantech-store/mails\id\contact_form.html [] []
[2026-07-23T10:26:02.211212+07:00] app.DEBUG: Generate txt template contact_form at C:\xampp\htdocs\nantech-store/mails\id\contact_form.txt [] []
[2026-07-23T10:26:02.313755+07:00] app.DEBUG: Generate html template credit_slip at C:\xampp\htdocs\nantech-store/mails\id\credit_slip.html [] []
[2026-07-23T10:26:02.317027+07:00] app.DEBUG: Generate txt template credit_slip at C:\xampp\htdocs\nantech-store/mails\id\credit_slip.txt [] []
[2026-07-23T10:26:02.472774+07:00] app.DEBUG: Generate html template download_product at C:\xampp\htdocs\nantech-store/mails\id\download_product.html [] []
[2026-07-23T10:26:02.477167+07:00] app.DEBUG: Generate txt template download_product at C:\xampp\htdocs\nantech-store/mails\id\download_product.txt [] []
[2026-07-23T10:26:02.567206+07:00] app.DEBUG: Generate html template employee_password at C:\xampp\htdocs\nantech-store/mails\id\employee_password.html [] []
[2026-07-23T10:26:02.569669+07:00] app.DEBUG: Generate txt template employee_password at C:\xampp\htdocs\nantech-store/mails\id\employee_password.txt [] []
[2026-07-23T10:26:02.665228+07:00] app.DEBUG: Generate html template forward_msg at C:\xampp\htdocs\nantech-store/mails\id\forward_msg.html [] []
[2026-07-23T10:26:02.669315+07:00] app.DEBUG: Generate txt template forward_msg at C:\xampp\htdocs\nantech-store/mails\id\forward_msg.txt [] []
[2026-07-23T10:26:02.761894+07:00] app.DEBUG: Generate html template guest_to_customer at C:\xampp\htdocs\nantech-store/mails\id\guest_to_customer.html [] []
[2026-07-23T10:26:02.764378+07:00] app.DEBUG: Generate txt template guest_to_customer at C:\xampp\htdocs\nantech-store/mails\id\guest_to_customer.txt [] []
[2026-07-23T10:26:02.860470+07:00] app.DEBUG: Generate html template import at C:\xampp\htdocs\nantech-store/mails\id\import.html [] []
[2026-07-23T10:26:02.863000+07:00] app.DEBUG: Generate txt template import at C:\xampp\htdocs\nantech-store/mails\id\import.txt [] []
[2026-07-23T10:26:02.975288+07:00] app.DEBUG: Generate html template in_transit at C:\xampp\htdocs\nantech-store/mails\id\in_transit.html [] []
[2026-07-23T10:26:02.978490+07:00] app.DEBUG: Generate txt template in_transit at C:\xampp\htdocs\nantech-store/mails\id\in_transit.txt [] []
[2026-07-23T10:26:03.085130+07:00] app.DEBUG: Generate html template log_alert at C:\xampp\htdocs\nantech-store/mails\id\log_alert.html [] []
[2026-07-23T10:26:03.089121+07:00] app.DEBUG: Generate txt template log_alert at C:\xampp\htdocs\nantech-store/mails\id\log_alert.txt [] []
[2026-07-23T10:26:03.204306+07:00] app.DEBUG: Generate html template newsletter at C:\xampp\htdocs\nantech-store/mails\id\newsletter.html [] []
[2026-07-23T10:26:03.208417+07:00] app.DEBUG: Generate txt template newsletter at C:\xampp\htdocs\nantech-store/mails\id\newsletter.txt [] []
[2026-07-23T10:26:03.299070+07:00] app.DEBUG: Generate html template order_canceled at C:\xampp\htdocs\nantech-store/mails\id\order_canceled.html [] []
[2026-07-23T10:26:03.301342+07:00] app.DEBUG: Generate txt template order_canceled at C:\xampp\htdocs\nantech-store/mails\id\order_canceled.txt [] []
[2026-07-23T10:26:03.412515+07:00] app.DEBUG: Generate html template order_changed at C:\xampp\htdocs\nantech-store/mails\id\order_changed.html [] []
[2026-07-23T10:26:03.414884+07:00] app.DEBUG: Generate txt template order_changed at C:\xampp\htdocs\nantech-store/mails\id\order_changed.txt [] []
[2026-07-23T10:26:03.631107+07:00] app.DEBUG: Generate html template order_conf at C:\xampp\htdocs\nantech-store/mails\id\order_conf.html [] []
[2026-07-23T10:26:03.634770+07:00] app.DEBUG: Generate txt template order_conf at C:\xampp\htdocs\nantech-store/mails\id\order_conf.txt [] []
[2026-07-23T10:26:03.746159+07:00] app.DEBUG: Generate html template order_customer_comment at C:\xampp\htdocs\nantech-store/mails\id\order_customer_comment.html [] []
[2026-07-23T10:26:03.749128+07:00] app.DEBUG: Generate txt template order_customer_comment at C:\xampp\htdocs\nantech-store/mails\id\order_customer_comment.txt [] []
[2026-07-23T10:26:03.865250+07:00] app.DEBUG: Generate html template order_merchant_comment at C:\xampp\htdocs\nantech-store/mails\id\order_merchant_comment.html [] []
[2026-07-23T10:26:03.868083+07:00] app.DEBUG: Generate txt template order_merchant_comment at C:\xampp\htdocs\nantech-store/mails\id\order_merchant_comment.txt [] []
[2026-07-23T10:26:03.912473+07:00] app.DEBUG: Generate html template order_return_state at C:\xampp\htdocs\nantech-store/mails\id\order_return_state.html [] []
[2026-07-23T10:26:03.914897+07:00] app.DEBUG: Generate txt template order_return_state at C:\xampp\htdocs\nantech-store/mails\id\order_return_state.txt [] []
[2026-07-23T10:26:03.995422+07:00] app.DEBUG: Generate html template outofstock at C:\xampp\htdocs\nantech-store/mails\id\outofstock.html [] []
[2026-07-23T10:26:03.997774+07:00] app.DEBUG: Generate txt template outofstock at C:\xampp\htdocs\nantech-store/mails\id\outofstock.txt [] []
[2026-07-23T10:26:04.042565+07:00] app.DEBUG: Generate html template password at C:\xampp\htdocs\nantech-store/mails\id\password.html [] []
[2026-07-23T10:26:04.044943+07:00] app.DEBUG: Generate txt template password at C:\xampp\htdocs\nantech-store/mails\id\password.txt [] []
[2026-07-23T10:26:04.091686+07:00] app.DEBUG: Generate html template password_query at C:\xampp\htdocs\nantech-store/mails\id\password_query.html [] []
[2026-07-23T10:26:04.094817+07:00] app.DEBUG: Generate txt template password_query at C:\xampp\htdocs\nantech-store/mails\id\password_query.txt [] []
[2026-07-23T10:26:04.138527+07:00] app.DEBUG: Generate html template payment at C:\xampp\htdocs\nantech-store/mails\id\payment.html [] []
[2026-07-23T10:26:04.140892+07:00] app.DEBUG: Generate txt template payment at C:\xampp\htdocs\nantech-store/mails\id\payment.txt [] []
[2026-07-23T10:26:04.246840+07:00] app.DEBUG: Generate html template payment_error at C:\xampp\htdocs\nantech-store/mails\id\payment_error.html [] []
[2026-07-23T10:26:04.250701+07:00] app.DEBUG: Generate txt template payment_error at C:\xampp\htdocs\nantech-store/mails\id\payment_error.txt [] []
[2026-07-23T10:26:04.345775+07:00] app.DEBUG: Generate html template preparation at C:\xampp\htdocs\nantech-store/mails\id\preparation.html [] []
[2026-07-23T10:26:04.348195+07:00] app.DEBUG: Generate txt template preparation at C:\xampp\htdocs\nantech-store/mails\id\preparation.txt [] []
[2026-07-23T10:26:04.449722+07:00] app.DEBUG: Generate html template productoutofstock at C:\xampp\htdocs\nantech-store/mails\id\productoutofstock.html [] []
[2026-07-23T10:26:04.453665+07:00] app.DEBUG: Generate txt template productoutofstock at C:\xampp\htdocs\nantech-store/mails\id\productoutofstock.txt [] []
[2026-07-23T10:26:04.537060+07:00] app.DEBUG: Generate html template refund at C:\xampp\htdocs\nantech-store/mails\id\refund.html [] []
[2026-07-23T10:26:04.539720+07:00] app.DEBUG: Generate txt template refund at C:\xampp\htdocs\nantech-store/mails\id\refund.txt [] []
[2026-07-23T10:26:04.620948+07:00] app.DEBUG: Generate html template reply_msg at C:\xampp\htdocs\nantech-store/mails\id\reply_msg.html [] []
[2026-07-23T10:26:04.623157+07:00] app.DEBUG: Generate txt template reply_msg at C:\xampp\htdocs\nantech-store/mails\id\reply_msg.txt [] []
[2026-07-23T10:26:04.728775+07:00] app.DEBUG: Generate html template shipped at C:\xampp\htdocs\nantech-store/mails\id\shipped.html [] []
[2026-07-23T10:26:04.731837+07:00] app.DEBUG: Generate txt template shipped at C:\xampp\htdocs\nantech-store/mails\id\shipped.txt [] []
[2026-07-23T10:26:04.833592+07:00] app.DEBUG: Generate html template test at C:\xampp\htdocs\nantech-store/mails\id\test.html [] []
[2026-07-23T10:26:04.835752+07:00] app.DEBUG: Generate txt template test at C:\xampp\htdocs\nantech-store/mails\id\test.txt [] []
[2026-07-23T10:26:04.936962+07:00] app.DEBUG: Generate html template voucher at C:\xampp\htdocs\nantech-store/mails\id\voucher.html [] []
[2026-07-23T10:26:04.939154+07:00] app.DEBUG: Generate txt template voucher at C:\xampp\htdocs\nantech-store/mails\id\voucher.txt [] []
[2026-07-23T10:26:05.034382+07:00] app.DEBUG: Generate html template voucher_new at C:\xampp\htdocs\nantech-store/mails\id\voucher_new.html [] []
[2026-07-23T10:26:05.038521+07:00] app.DEBUG: Generate txt template voucher_new at C:\xampp\htdocs\nantech-store/mails\id\voucher_new.txt [] []
[2026-07-23T10:26:05.119867+07:00] app.DEBUG: Generate html template customer_qty at C:\xampp\htdocs\nantech-store/modules/\ps_emailalerts\mails\id\customer_qty.html [] []
[2026-07-23T10:26:05.122201+07:00] app.DEBUG: Generate txt template customer_qty at C:\xampp\htdocs\nantech-store/modules/\ps_emailalerts\mails\id\customer_qty.txt [] []
[2026-07-23T10:26:05.257171+07:00] app.DEBUG: Generate html template new_order at C:\xampp\htdocs\nantech-store/modules/\ps_emailalerts\mails\id\new_order.html [] []
[2026-07-23T10:26:05.262012+07:00] app.DEBUG: Generate txt template new_order at C:\xampp\htdocs\nantech-store/modules/\ps_emailalerts\mails\id\new_order.txt [] []
[2026-07-23T10:26:05.350295+07:00] app.DEBUG: Generate html template order_changed at C:\xampp\htdocs\nantech-store/modules/\ps_emailalerts\mails\id\order_changed.html [] []
[2026-07-23T10:26:05.352856+07:00] app.DEBUG: Generate txt template order_changed at C:\xampp\htdocs\nantech-store/modules/\ps_emailalerts\mails\id\order_changed.txt [] []
[2026-07-23T10:26:05.455680+07:00] app.DEBUG: Generate html template productcoverage at C:\xampp\htdocs\nantech-store/modules/\ps_emailalerts\mails\id\productcoverage.html [] []
[2026-07-23T10:26:05.459706+07:00] app.DEBUG: Generate txt template productcoverage at C:\xampp\htdocs\nantech-store/modules/\ps_emailalerts\mails\id\productcoverage.txt [] []
[2026-07-23T10:26:05.568316+07:00] app.DEBUG: Generate html template productoutofstock at C:\xampp\htdocs\nantech-store/modules/\ps_emailalerts\mails\id\productoutofstock.html [] []
[2026-07-23T10:26:05.570957+07:00] app.DEBUG: Generate txt template productoutofstock at C:\xampp\htdocs\nantech-store/modules/\ps_emailalerts\mails\id\productoutofstock.txt [] []
[2026-07-23T10:26:05.688362+07:00] app.DEBUG: Generate html template return_slip at C:\xampp\htdocs\nantech-store/modules/\ps_emailalerts\mails\id\return_slip.html [] []
[2026-07-23T10:26:05.691483+07:00] app.DEBUG: Generate txt template return_slip at C:\xampp\htdocs\nantech-store/modules/\ps_emailalerts\mails\id\return_slip.txt [] []
[2026-07-23T10:26:05.790616+07:00] app.DEBUG: Generate html template newsletter_conf at C:\xampp\htdocs\nantech-store/modules/\ps_emailsubscription\mails\id\newsletter_conf.html [] []
[2026-07-23T10:26:05.792789+07:00] app.DEBUG: Generate txt template newsletter_conf at C:\xampp\htdocs\nantech-store/modules/\ps_emailsubscription\mails\id\newsletter_conf.txt [] []
[2026-07-23T10:26:05.896018+07:00] app.DEBUG: Generate html template newsletter_verif at C:\xampp\htdocs\nantech-store/modules/\ps_emailsubscription\mails\id\newsletter_verif.html [] []
[2026-07-23T10:26:05.898355+07:00] app.DEBUG: Generate txt template newsletter_verif at C:\xampp\htdocs\nantech-store/modules/\ps_emailsubscription\mails\id\newsletter_verif.txt [] []
[2026-07-23T10:26:05.937776+07:00] app.DEBUG: Generate html template newsletter_voucher at C:\xampp\htdocs\nantech-store/modules/\ps_emailsubscription\mails\id\newsletter_voucher.html [] []
[2026-07-23T10:26:05.940002+07:00] app.DEBUG: Generate txt template newsletter_voucher at C:\xampp\htdocs\nantech-store/modules/\ps_emailsubscription\mails\id\newsletter_voucher.txt [] []
[2026-07-23T10:26:05.983913+07:00] messenger.INFO: Message PrestaShop\PrestaShop\Core\Domain\MailTemplate\Command\GenerateThemeMailTemplatesCommand handled by PrestaShop\PrestaShop\Core\Domain\MailTemplate\CommandHandler\GenerateThemeMailTemplatesHandler::handle {"class":"PrestaShop\\PrestaShop\\Core\\Domain\\MailTemplate\\Command\\GenerateThemeMailTemplatesCommand","handler":"PrestaShop\\PrestaShop\\Core\\Domain\\MailTemplate\\CommandHandler\\GenerateThemeMailTemplatesHandler::handle"} []
[2026-07-23T10:26:06.063428+07:00] app.ERROR: ExecKernelCacheClearer: Could not clear cache for admin env prod result: 1 output: array (   0 => '\'php\' is not recognized as an internal or external command,',   1 => 'operable program or batch file.', ) [] []
[2026-07-23T05:26:09.821326+02:00] php.INFO: User Deprecated: Since symfony/http-kernel 6.3: Parameter "container.dumper.inline_class_loader" is deprecated, use ".container.dumper.inline_class_loader" instead. {"exception":"[object] (ErrorException(code: 0): User Deprecated: Since symfony/http-kernel 6.3: Parameter \"container.dumper.inline_class_loader\" is deprecated, use \".container.dumper.inline_class_loader\" instead. at C:\\xampp\\htdocs\\nantech-store\\vendor\\symfony\\http-kernel\\Kernel.php:717)"} []
[2026-07-23T10:26:41.640252+07:00] app.INFO: ApplicationKernelCacheClearer: Successfully cleared cache for admin env prod debug on [] []
[2026-07-23T10:26:42.466997+07:00] app.INFO: ApplicationKernelCacheClearer: Successfully cleared cache for admin env prod debug off [] []
[2026-07-23T05:26:42.469789+02:00] php.WARNING: Warning: require(C:\xampp\htdocs\nantech-store\var\cache\prod\admin\ContainerSUvs0C7\get_Console_Command_CacheWarmup_LazyService.php): Failed to open stream: No such file or directory {"exception":"[object] (ErrorException(code: 0): Warning: require(C:\\xampp\\htdocs\\nantech-store\\var\\cache\\prod\\admin\\ContainerSUvs0C7\\get_Console_Command_CacheWarmup_LazyService.php): Failed to open stream: No such file or directory at C:\\xampp\\htdocs\\nantech-store\\var\\cache\\prod\\admin\\ContainerSUvs0C7\\AdminKernelProdDebugContainer.php:2269)"} []
[2026-07-23T05:26:42.492845+02:00] php.WARNING: Warning: require(C:\xampp\htdocs\nantech-store\var\cache\prod\admin\ContainerSUvs0C7\getConsole_ErrorListenerService.php): Failed to open stream: No such file or directory {"exception":"[object] (ErrorException(code: 0): Warning: require(C:\\xampp\\htdocs\\nantech-store\\var\\cache\\prod\\admin\\ContainerSUvs0C7\\getConsole_ErrorListenerService.php): Failed to open stream: No such file or directory at C:\\xampp\\htdocs\\nantech-store\\var\\cache\\prod\\admin\\ContainerSUvs0C7\\AdminKernelProdDebugContainer.php:2269)"} []
[2026-07-23T10:26:42.492939+07:00] app.ERROR: SymfonyCacheClearer: Error while clearing cache for admin env prod using PrestaShop\PrestaShop\Adapter\Cache\Clearer\Symfony\ApplicationKernelCacheClearer: Failed opening required 'C:\xampp\htdocs\nantech-store\var\cache\prod\admin\ContainerSUvs0C7\getConsole_ErrorListenerService.php' (include_path='C:\xampp\php\PEAR') [] []
[2026-07-23T10:26:42.495715+07:00] app.DEBUG: FilesystemKernelCacheClearer: Trying manual removal on trial 1/5 of cache folder C:\xampp\htdocs\nantech-store/var/cache/prod/admin [] []
[2026-07-23T10:26:43.009433+07:00] app.INFO: FilesystemKernelCacheClearer: Cache folder C:\xampp\htdocs\nantech-store/var/cache/prod/admin successfully cleared manually [] []
[2026-07-23T10:26:43.011113+07:00] app.DEBUG: SymfonyCacheClearer: No symfony cache to clear for admin-api env prod [] []
[2026-07-23T10:26:43.011232+07:00] app.DEBUG: SymfonyCacheClearer: No symfony cache to clear for front env prod [] []
[2026-07-23T10:26:43.013294+07:00] app.DEBUG: SymfonyCacheClearer: No symfony cache to clear for admin env dev [] []
[2026-07-23T10:26:43.013403+07:00] app.DEBUG: SymfonyCacheClearer: No symfony cache to clear for admin-api env dev [] []
[2026-07-23T10:26:43.013467+07:00] app.DEBUG: SymfonyCacheClearer: No symfony cache to clear for front env dev [] []
[2026-07-23T05:27:31.505931+02:00] php.INFO: User Deprecated: Since symfony/validator 6.2: The "loose" mode is deprecated. It will be removed in 7.0 and the default mode will be changed to "html5". {"exception":"[object] (ErrorException(code: 0): User Deprecated: Since symfony/validator 6.2: The \"loose\" mode is deprecated. It will be removed in 7.0 and the default mode will be changed to \"html5\". at C:\\xampp\\htdocs\\nantech-store\\vendor\\symfony\\validator\\Constraints\\EmailValidator.php:48)"} []
[2026-07-23T05:27:31.636265+02:00] php.INFO: User Deprecated: Not configuring a schema manager factory is deprecated. Use Doctrine\DBAL\Schema\DefaultSchemaManagerFactory which is going to be the default in DBAL 4. (Connection.php:222 called by DriverManager.php:197, https://github.com/doctrine/dbal/issues/5812, package doctrine/dbal) {"exception":"[object] (ErrorException(code: 0): User Deprecated: Not configuring a schema manager factory is deprecated. Use Doctrine\\DBAL\\Schema\\DefaultSchemaManagerFactory which is going to be the default in DBAL 4. (Connection.php:222 called by DriverManager.php:197, https://github.com/doctrine/dbal/issues/5812, package doctrine/dbal) at C:\\xampp\\htdocs\\nantech-store\\vendor\\doctrine\\deprecations\\src\\Deprecation.php:208)"} []
[2026-07-23T05:27:31.661416+02:00] php.INFO: User Deprecated: Since symfony/doctrine-bridge 6.3: The "Symfony\Bridge\Doctrine\SchemaListener\MessengerTransportDoctrineSchemaSubscriber" class is deprecated. Use "Symfony\Bridge\Doctrine\SchemaListener\MessengerTransportDoctrineSchemaListener" instead. {"exception":"[object] (ErrorException(code: 0): User Deprecated: Since symfony/doctrine-bridge 6.3: The \"Symfony\\Bridge\\Doctrine\\SchemaListener\\MessengerTransportDoctrineSchemaSubscriber\" class is deprecated. Use \"Symfony\\Bridge\\Doctrine\\SchemaListener\\MessengerTransportDoctrineSchemaListener\" instead. at C:\\xampp\\htdocs\\nantech-store\\vendor\\symfony\\doctrine-bridge\\SchemaListener\\MessengerTransportDoctrineSchemaSubscriber.php:18)"} []
[2026-07-23T05:27:31.661448+02:00] php.INFO: User Deprecated: Since symfony/doctrine-bridge 6.3: Registering "Symfony\Bridge\Doctrine\SchemaListener\MessengerTransportDoctrineSchemaSubscriber" as a Doctrine subscriber is deprecated. Register it as a listener instead, using e.g. the #[AsDoctrineListener] or #[AsDocumentListener] attribute. {"exception":"[object] (ErrorException(code: 0): User Deprecated: Since symfony/doctrine-bridge 6.3: Registering \"Symfony\\Bridge\\Doctrine\\SchemaListener\\MessengerTransportDoctrineSchemaSubscriber\" as a Doctrine subscriber is deprecated. Register it as a listener instead, using e.g. the #[AsDoctrineListener] or #[AsDocumentListener] attribute. at C:\\xampp\\htdocs\\nantech-store\\vendor\\symfony\\doctrine-bridge\\ContainerAwareEventManager.php:211)"} []
[2026-07-23T05:27:31.661478+02:00] php.INFO: User Deprecated: Since symfony/doctrine-bridge 6.3: The "Symfony\Bridge\Doctrine\SchemaListener\DoctrineDbalCacheAdapterSchemaSubscriber" class is deprecated. Use "Symfony\Bridge\Doctrine\SchemaListener\DoctrineDbalCacheAdapterSchemaListener" instead. {"exception":"[object] (ErrorException(code: 0): User Deprecated: Since symfony/doctrine-bridge 6.3: The \"Symfony\\Bridge\\Doctrine\\SchemaListener\\DoctrineDbalCacheAdapterSchemaSubscriber\" class is deprecated. Use \"Symfony\\Bridge\\Doctrine\\SchemaListener\\DoctrineDbalCacheAdapterSchemaListener\" instead. at C:\\xampp\\htdocs\\nantech-store\\vendor\\symfony\\doctrine-bridge\\SchemaListener\\DoctrineDbalCacheAdapterSchemaSubscriber.php:17)"} []
[2026-07-23T05:27:31.661493+02:00] php.INFO: User Deprecated: Since symfony/doctrine-bridge 6.3: Registering "Symfony\Bridge\Doctrine\SchemaListener\DoctrineDbalCacheAdapterSchemaSubscriber" as a Doctrine subscriber is deprecated. Register it as a listener instead, using e.g. the #[AsDoctrineListener] or #[AsDocumentListener] attribute. {"exception":"[object] (ErrorException(code: 0): User Deprecated: Since symfony/doctrine-bridge 6.3: Registering \"Symfony\\Bridge\\Doctrine\\SchemaListener\\DoctrineDbalCacheAdapterSchemaSubscriber\" as a Doctrine subscriber is deprecated. Register it as a listener instead, using e.g. the #[AsDoctrineListener] or #[AsDocumentListener] attribute. at C:\\xampp\\htdocs\\nantech-store\\vendor\\symfony\\doctrine-bridge\\ContainerAwareEventManager.php:211)"} []
[2026-07-23T05:27:31.661511+02:00] php.INFO: User Deprecated: Since symfony/doctrine-bridge 6.3: The "Symfony\Bridge\Doctrine\SchemaListener\RememberMeTokenProviderDoctrineSchemaSubscriber" class is deprecated. Use "Symfony\Bridge\Doctrine\SchemaListener\RememberMeTokenProviderDoctrineSchemaListener" instead. {"exception":"[object] (ErrorException(code: 0): User Deprecated: Since symfony/doctrine-bridge 6.3: The \"Symfony\\Bridge\\Doctrine\\SchemaListener\\RememberMeTokenProviderDoctrineSchemaSubscriber\" class is deprecated. Use \"Symfony\\Bridge\\Doctrine\\SchemaListener\\RememberMeTokenProviderDoctrineSchemaListener\" instead. at C:\\xampp\\htdocs\\nantech-store\\vendor\\symfony\\doctrine-bridge\\SchemaListener\\RememberMeTokenProviderDoctrineSchemaSubscriber.php:18)"} []
[2026-07-23T05:27:31.661527+02:00] php.INFO: User Deprecated: Since symfony/doctrine-bridge 6.3: Registering "Symfony\Bridge\Doctrine\SchemaListener\RememberMeTokenProviderDoctrineSchemaSubscriber" as a Doctrine subscriber is deprecated. Register it as a listener instead, using e.g. the #[AsDoctrineListener] or #[AsDocumentListener] attribute. {"exception":"[object] (ErrorException(code: 0): User Deprecated: Since symfony/doctrine-bridge 6.3: Registering \"Symfony\\Bridge\\Doctrine\\SchemaListener\\RememberMeTokenProviderDoctrineSchemaSubscriber\" as a Doctrine subscriber is deprecated. Register it as a listener instead, using e.g. the #[AsDoctrineListener] or #[AsDocumentListener] attribute. at C:\\xampp\\htdocs\\nantech-store\\vendor\\symfony\\doctrine-bridge\\ContainerAwareEventManager.php:211)"} []
[2026-07-23T05:27:31.661842+02:00] php.INFO: User Deprecated: Since symfony/framework-bundle 6.4: The "annotations.cached_reader" service is deprecated without replacement. {"exception":"[object] (ErrorException(code: 0): User Deprecated: Since symfony/framework-bundle 6.4: The \"annotations.cached_reader\" service is deprecated without replacement. at C:\\xampp\\htdocs\\nantech-store\\var\\cache\\prod\\admin\\ContainerD5RVPcS\\getAnnotations_CachedReaderService.php:23)"} []
[2026-07-23T05:27:31.661863+02:00] php.INFO: User Deprecated: Since symfony/framework-bundle 6.4: The "annotations.reader" service is deprecated without replacement. {"exception":"[object] (ErrorException(code: 0): User Deprecated: Since symfony/framework-bundle 6.4: The \"annotations.reader\" service is deprecated without replacement. at C:\\xampp\\htdocs\\nantech-store\\var\\cache\\prod\\admin\\ContainerD5RVPcS\\getAnnotations_ReaderService.php:23)"} []
[2026-07-23T05:27:31.661896+02:00] php.INFO: User Deprecated: Since symfony/framework-bundle 6.4: The "annotations.cache_adapter" service is deprecated without replacement. {"exception":"[object] (ErrorException(code: 0): User Deprecated: Since symfony/framework-bundle 6.4: The \"annotations.cache_adapter\" service is deprecated without replacement. at C:\\xampp\\htdocs\\nantech-store\\var\\cache\\prod\\admin\\ContainerD5RVPcS\\getAnnotations_CacheAdapterService.php:23)"} []
[2026-07-23T05:27:31.662083+02:00] php.INFO: User Deprecated: The annotation mapping driver is deprecated and will be removed in Doctrine ORM 3.0, please migrate to the attribute or XML driver. (AnnotationDriver.php:65 called by AdminKernelProdContainer.php:4710, https://github.com/doctrine/orm/issues/10098, package doctrine/orm) {"exception":"[object] (ErrorException(code: 0): User Deprecated: The annotation mapping driver is deprecated and will be removed in Doctrine ORM 3.0, please migrate to the attribute or XML driver. (AnnotationDriver.php:65 called by AdminKernelProdContainer.php:4710, https://github.com/doctrine/orm/issues/10098, package doctrine/orm) at C:\\xampp\\htdocs\\nantech-store\\vendor\\doctrine\\deprecations\\src\\Deprecation.php:208)"} []
[2026-07-23T05:27:31.662099+02:00] php.INFO: User Deprecated: In ORM 3.0, the AttributeDriver will report fields for the classes where they are declared. This may uncover invalid mapping configurations. To opt into the new mode also with the AnnotationDriver today, set the "reportFieldsWhereDeclared" constructor parameter to true. (AnnotationDriver.php:75 called by AdminKernelProdContainer.php:4710, https://github.com/doctrine/orm/pull/10455, package doctrine/orm) {"exception":"[object] (ErrorException(code: 0): User Deprecated: In ORM 3.0, the AttributeDriver will report fields for the classes where they are declared. This may uncover invalid mapping configurations. To opt into the new mode also with the AnnotationDriver today, set the \"reportFieldsWhereDeclared\" constructor parameter to true. (AnnotationDriver.php:75 called by AdminKernelProdContainer.php:4710, https://github.com/doctrine/orm/pull/10455, package doctrine/orm) at C:\\xampp\\htdocs\\nantech-store\\vendor\\doctrine\\deprecations\\src\\Deprecation.php:208)"} []
[2026-07-23T05:27:31.662158+02:00] php.INFO: User Deprecated: Doctrine\ORM\EntityManager::create() is deprecated. To bootstrap a DBAL connection, call Doctrine\DBAL\DriverManager::getConnection() instead. Use the constructor to create an instance of Doctrine\ORM\EntityManager. (EntityManager.php:995 called by AdminKernelProdContainer.php:2931, https://github.com/doctrine/orm/pull/9961, package doctrine/orm) {"exception":"[object] (ErrorException(code: 0): User Deprecated: Doctrine\\ORM\\EntityManager::create() is deprecated. To bootstrap a DBAL connection, call Doctrine\\DBAL\\DriverManager::getConnection() instead. Use the constructor to create an instance of Doctrine\\ORM\\EntityManager. (EntityManager.php:995 called by AdminKernelProdContainer.php:2931, https://github.com/doctrine/orm/pull/9961, package doctrine/orm) at C:\\xampp\\htdocs\\nantech-store\\vendor\\doctrine\\deprecations\\src\\Deprecation.php:208)"} []
[2026-07-23T05:27:31.662178+02:00] php.INFO: User Deprecated: Doctrine\DBAL\Connection::getEventManager is deprecated. (Connection.php:298 called by EntityManager.php:166, https://github.com/doctrine/dbal/issues/5784, package doctrine/dbal) {"exception":"[object] (ErrorException(code: 0): User Deprecated: Doctrine\\DBAL\\Connection::getEventManager is deprecated. (Connection.php:298 called by EntityManager.php:166, https://github.com/doctrine/dbal/issues/5784, package doctrine/dbal) at C:\\xampp\\htdocs\\nantech-store\\vendor\\doctrine\\deprecations\\src\\Deprecation.php:208)"} []
[2026-07-23T05:27:31.662222+02:00] php.INFO: User Deprecated: Not enabling lazy ghost objects is deprecated and will not be supported in Doctrine ORM 3.0. Ensure Doctrine\ORM\Configuration::setLazyGhostObjectEnabled(true) is called to enable them. (ProxyFactory.php:166 called by EntityManager.php:177, https://github.com/doctrine/orm/pull/10837/, package doctrine/orm) {"exception":"[object] (ErrorException(code: 0): User Deprecated: Not enabling lazy ghost objects is deprecated and will not be supported in Doctrine ORM 3.0. Ensure Doctrine\\ORM\\Configuration::setLazyGhostObjectEnabled(true) is called to enable them. (ProxyFactory.php:166 called by EntityManager.php:177, https://github.com/doctrine/orm/pull/10837/, package doctrine/orm) at C:\\xampp\\htdocs\\nantech-store\\vendor\\doctrine\\deprecations\\src\\Deprecation.php:208)"} []
[2026-07-23T10:27:35.605618+07:00] app.DEBUG: Protect vendor folder in module blockreassurance [] []
[2026-07-23T10:27:35.616559+07:00] app.DEBUG: Module blockreassurance has no vendor folder [] []
[2026-07-23T10:27:35.834136+07:00] app.DEBUG: Protect vendor folder in module blockwishlist [] []
[2026-07-23T10:27:35.834330+07:00] app.DEBUG: Module blockwishlist has no vendor folder [] []
[2026-07-23T10:27:36.443125+07:00] app.DEBUG: Protect vendor folder in module contactform [] []
[2026-07-23T10:27:36.443290+07:00] app.DEBUG: Module contactform has no vendor folder [] []
[2026-07-23T10:27:36.745528+07:00] app.DEBUG: Protect vendor folder in module dashactivity [] []
[2026-07-23T10:27:36.745655+07:00] app.DEBUG: Module dashactivity has no vendor folder [] []
[2026-07-23T10:27:37.009016+07:00] app.DEBUG: Protect vendor folder in module dashgoals [] []
[2026-07-23T10:27:37.009172+07:00] app.DEBUG: Module dashgoals has no vendor folder [] []
[2026-07-23T10:27:37.120904+07:00] app.DEBUG: Protect vendor folder in module dashproducts [] []
[2026-07-23T10:27:37.121063+07:00] app.DEBUG: Module dashproducts has no vendor folder [] []
[2026-07-23T10:27:37.223288+07:00] app.DEBUG: Protect vendor folder in module dashtrends [] []
[2026-07-23T10:27:37.223439+07:00] app.DEBUG: Module dashtrends has no vendor folder [] []
[2026-07-23T10:27:37.337122+07:00] app.DEBUG: Protect vendor folder in module graphnvd3 [] []
[2026-07-23T10:27:37.337258+07:00] app.DEBUG: Module graphnvd3 has no vendor folder [] []
[2026-07-23T10:27:37.451177+07:00] app.DEBUG: Protect vendor folder in module gridhtml [] []
[2026-07-23T10:27:37.451318+07:00] app.DEBUG: Module gridhtml has no vendor folder [] []
[2026-07-23T10:27:37.590377+07:00] app.DEBUG: Protect vendor folder in module gsitemap [] []
[2026-07-23T10:27:37.590539+07:00] app.DEBUG: Module gsitemap has no vendor folder [] []
[2026-07-23T10:27:37.691919+07:00] app.DEBUG: Protect vendor folder in module pagesnotfound [] []
[2026-07-23T10:27:37.692082+07:00] app.DEBUG: Module pagesnotfound has no vendor folder [] []
[2026-07-23T10:27:38.104293+07:00] app.DEBUG: Protect vendor folder in module productcomments [] []
[2026-07-23T10:27:38.104449+07:00] app.DEBUG: Module productcomments has no vendor folder [] []
[2026-07-23T05:27:38.328171+02:00] php.INFO: User Deprecated: Since symfony/validator 6.2: The "loose" mode is deprecated. It will be removed in 7.0 and the default mode will be changed to "html5". {"exception":"[object] (ErrorException(code: 0): User Deprecated: Since symfony/validator 6.2: The \"loose\" mode is deprecated. It will be removed in 7.0 and the default mode will be changed to \"html5\". at C:\\xampp\\htdocs\\nantech-store\\vendor\\symfony\\validator\\Constraints\\EmailValidator.php:48)"} []
[2026-07-23T05:27:38.355056+02:00] php.INFO: User Deprecated: Since symfony/validator 6.2: The "loose" mode is deprecated. It will be removed in 7.0 and the default mode will be changed to "html5". {"exception":"[object] (ErrorException(code: 0): User Deprecated: Since symfony/validator 6.2: The \"loose\" mode is deprecated. It will be removed in 7.0 and the default mode will be changed to \"html5\". at C:\\xampp\\htdocs\\nantech-store\\vendor\\symfony\\validator\\Constraints\\EmailValidator.php:48)"} []
[2026-07-23T10:27:38.362358+07:00] app.DEBUG: Protect vendor folder in module psgdpr [] []
[2026-07-23T10:27:38.362514+07:00] app.DEBUG: Module psgdpr has no vendor folder [] []
[2026-07-23T05:27:41.538572+02:00] php.INFO: User Deprecated: Since PrestaShop\PrestaShop 9: The "prestashop.adapter.cache.clearer.symfony_cache_clearer" service alias is deprecated. You should stop using it, as it will be removed in the future. {"exception":"[object] (ErrorException(code: 0): User Deprecated: Since PrestaShop\\PrestaShop 9: The \"prestashop.adapter.cache.clearer.symfony_cache_clearer\" service alias is deprecated. You should stop using it, as it will be removed in the future. at C:\\xampp\\htdocs\\nantech-store\\var\\cache\\prod\\admin\\ContainerD5RVPcS\\AdminKernelProdContainer.php:5897)"} []
[2026-07-23T10:27:41.597842+07:00] app.DEBUG: Protect vendor folder in module psshipping [] []
[2026-07-23T10:27:41.645466+07:00] app.ERROR: Cannot register tab "PsshippingCarrierController" because it already exists [] []
[2026-07-23T10:27:41.649994+07:00] app.ERROR: Cannot register tab "PsshippingCarrierController" because it already exists [] []
[2026-07-23T10:27:41.653242+07:00] app.ERROR: Cannot register tab "PsshippingCarrierController" because it already exists [] []
[2026-07-23T10:27:41.668049+07:00] app.ERROR: Cannot register tab "PsshippingConfigurationController" because it already exists [] []
[2026-07-23T10:27:41.699550+07:00] app.ERROR: Cannot register tab "PsshippingOrdersController" because it already exists [] []
[2026-07-23T10:27:41.702364+07:00] app.ERROR: Cannot register tab "PsshippingOrdersController" because it already exists [] []
[2026-07-23T10:27:41.705610+07:00] app.ERROR: Cannot register tab "PsshippingOrdersController" because it already exists [] []
[2026-07-23T10:27:41.708497+07:00] app.ERROR: Cannot register tab "PsshippingConfigurationController" because it already exists [] []
[2026-07-23T10:27:41.711546+07:00] app.ERROR: Cannot register tab "PsshippingConfigurationController" because it already exists [] []
[2026-07-23T10:27:41.714463+07:00] app.ERROR: Cannot register tab "PsshippingConfigurationController" because it already exists [] []
[2026-07-23T10:27:41.717157+07:00] app.ERROR: Cannot register tab "PsshippingConfigurationController" because it already exists [] []
[2026-07-23T10:27:41.720442+07:00] app.ERROR: Cannot register tab "PsshippingConfigurationController" because it already exists [] []
[2026-07-23T10:27:41.723504+07:00] app.ERROR: Cannot register tab "PsshippingConfigurationController" because it already exists [] []
[2026-07-23T10:27:41.726664+07:00] app.ERROR: Cannot register tab "PsshippingConfigurationController" because it already exists [] []
[2026-07-23T10:27:41.729550+07:00] app.ERROR: Cannot register tab "PsshippingKeycloakAuthController" because it already exists [] []
[2026-07-23T05:27:44.082482+02:00] php.INFO: Deprecated: Creation of dynamic property Raven_TransactionStack::$stack is deprecated {"exception":"[object] (ErrorException(code: 0): Deprecated: Creation of dynamic property Raven_TransactionStack::$stack is deprecated at C:\\xampp\\htdocs\\nantech-store\\modules\\psshipping\\vendor\\sentry\\sentry\\lib\\Raven\\TransactionStack.php:15)"} []
[2026-07-23T10:27:44.577834+07:00] app.DEBUG: Protect vendor folder in module psxmarketingwithgoogle [] []
[2026-07-23T10:27:48.822644+07:00] app.DEBUG: Protect vendor folder in module ps_accounts [] []
[2026-07-23T10:27:49.152988+07:00] app.DEBUG: Protect vendor folder in module ps_apiresources [] []
[2026-07-23T10:27:49.153148+07:00] app.DEBUG: Module ps_apiresources has no vendor folder [] []
[2026-07-23T05:27:49.231423+02:00] php.INFO: User Deprecated: ModuleCore::disableDevice is deprecated since version 9.0.0. There is no replacement. {"exception":"[object] (ErrorException(code: 0): User Deprecated: ModuleCore::disableDevice is deprecated since version 9.0.0. There is no replacement. at C:\\xampp\\htdocs\\nantech-store\\classes\\module\\Module.php:1103)"} []
[2026-07-23T10:27:49.231511+07:00] app.DEBUG: Protect vendor folder in module ps_banner [] []
[2026-07-23T10:27:49.231656+07:00] app.DEBUG: Module ps_banner has no vendor folder [] []
[2026-07-23T10:27:49.418750+07:00] app.DEBUG: Protect vendor folder in module ps_bestsellers [] []
[2026-07-23T10:27:49.418902+07:00] app.DEBUG: Module ps_bestsellers has no vendor folder [] []
[2026-07-23T10:27:49.499778+07:00] app.DEBUG: Protect vendor folder in module ps_brandlist [] []
[2026-07-23T10:27:49.499982+07:00] app.DEBUG: Module ps_brandlist has no vendor folder [] []
[2026-07-23T10:27:49.624313+07:00] app.DEBUG: Protect vendor folder in module ps_cashondelivery [] []
[2026-07-23T10:27:49.624469+07:00] app.DEBUG: Module ps_cashondelivery has no vendor folder [] []
[2026-07-23T10:27:49.727537+07:00] app.DEBUG: Protect vendor folder in module ps_categoryproducts [] []
[2026-07-23T10:27:49.727732+07:00] app.DEBUG: Module ps_categoryproducts has no vendor folder [] []
[2026-07-23T10:27:49.798006+07:00] app.DEBUG: Protect vendor folder in module ps_categorytree [] []
[2026-07-23T10:27:49.798185+07:00] app.DEBUG: Module ps_categorytree has no vendor folder [] []
[2026-07-23T05:28:00.863450+02:00] php.INFO: User Deprecated: Since PrestaShop\PrestaShop 9: The "prestashop.adapter.cache.clearer.symfony_cache_clearer" service alias is deprecated. You should stop using it, as it will be removed in the future. {"exception":"[object] (ErrorException(code: 0): User Deprecated: Since PrestaShop\\PrestaShop 9: The \"prestashop.adapter.cache.clearer.symfony_cache_clearer\" service alias is deprecated. You should stop using it, as it will be removed in the future. at C:\\xampp\\htdocs\\nantech-store\\var\\cache\\prod\\admin\\ContainerD5RVPcS\\AdminKernelProdContainer.php:5897)"} []
[2026-07-23T10:28:01.142805+07:00] app.DEBUG: Protect vendor folder in module ps_checkout [] []
[2026-07-23T10:28:01.258280+07:00] app.DEBUG: Protect vendor folder in module ps_checkpayment [] []
[2026-07-23T10:28:01.258469+07:00] app.DEBUG: Module ps_checkpayment has no vendor folder [] []
[2026-07-23T05:28:01.616846+02:00] php.INFO: User Deprecated: Since PrestaShop\PrestaShop 9: The "prestashop.adapter.cache.clearer.symfony_cache_clearer" service alias is deprecated. You should stop using it, as it will be removed in the future. {"exception":"[object] (ErrorException(code: 0): User Deprecated: Since PrestaShop\\PrestaShop 9: The \"prestashop.adapter.cache.clearer.symfony_cache_clearer\" service alias is deprecated. You should stop using it, as it will be removed in the future. at C:\\xampp\\htdocs\\nantech-store\\var\\cache\\prod\\admin\\ContainerD5RVPcS\\AdminKernelProdContainer.php:5897)"} []
[2026-07-23T10:28:01.692423+07:00] app.DEBUG: Protect vendor folder in module ps_classic_edition [] []
[2026-07-23T10:28:01.799059+07:00] app.DEBUG: Protect vendor folder in module ps_contactinfo [] []
[2026-07-23T10:28:01.799248+07:00] app.DEBUG: Module ps_contactinfo has no vendor folder [] []
[2026-07-23T10:28:01.940406+07:00] app.DEBUG: Protect vendor folder in module ps_crossselling [] []
[2026-07-23T10:28:01.940578+07:00] app.DEBUG: Module ps_crossselling has no vendor folder [] []
[2026-07-23T10:28:02.034767+07:00] app.DEBUG: Protect vendor folder in module ps_currencyselector [] []
[2026-07-23T10:28:02.034946+07:00] app.DEBUG: Module ps_currencyselector has no vendor folder [] []
[2026-07-23T10:28:02.101069+07:00] app.DEBUG: Protect vendor folder in module ps_customeraccountlinks [] []
[2026-07-23T10:28:02.101234+07:00] app.DEBUG: Module ps_customeraccountlinks has no vendor folder [] []
[2026-07-23T10:28:02.162868+07:00] app.DEBUG: Protect vendor folder in module ps_customersignin [] []
[2026-07-23T10:28:02.163061+07:00] app.DEBUG: Module ps_customersignin has no vendor folder [] []
[2026-07-23T10:28:02.273109+07:00] app.DEBUG: Protect vendor folder in module ps_customtext [] []
[2026-07-23T10:28:02.273266+07:00] app.DEBUG: Module ps_customtext has no vendor folder [] []
[2026-07-23T10:28:02.349588+07:00] app.DEBUG: Protect vendor folder in module ps_dataprivacy [] []
[2026-07-23T10:28:02.349776+07:00] app.DEBUG: Module ps_dataprivacy has no vendor folder [] []
[2026-07-23T10:28:02.453101+07:00] app.DEBUG: Protect vendor folder in module ps_distributionapiclient [] []
[2026-07-23T10:28:02.453330+07:00] app.DEBUG: Module ps_distributionapiclient has no vendor folder [] []
[2026-07-23T10:28:02.613851+07:00] app.DEBUG: Protect vendor folder in module ps_emailalerts [] []
[2026-07-23T10:28:02.614040+07:00] app.DEBUG: Module ps_emailalerts has no vendor folder [] []
[2026-07-23T10:28:02.756054+07:00] app.DEBUG: Protect vendor folder in module ps_emailsubscription [] []
[2026-07-23T10:28:02.756223+07:00] app.DEBUG: Module ps_emailsubscription has no vendor folder [] []
[2026-07-23T10:28:04.230214+07:00] app.DEBUG: Protect vendor folder in module ps_eventbus [] []
[2026-07-23T05:28:06.889798+02:00] php.INFO: Deprecated: Creation of dynamic property Raven_TransactionStack::$stack is deprecated {"exception":"[object] (ErrorException(code: 0): Deprecated: Creation of dynamic property Raven_TransactionStack::$stack is deprecated at C:\\xampp\\htdocs\\nantech-store\\modules\\psshipping\\vendor\\sentry\\sentry\\lib\\Raven\\TransactionStack.php:15)"} []
[2026-07-23T10:28:06.979906+07:00] app.DEBUG: Protect vendor folder in module ps_facebook [] []
[2026-07-23T10:28:07.763630+07:00] app.DEBUG: Protect vendor folder in module ps_facetedsearch [] []
[2026-07-23T10:28:07.763878+07:00] app.DEBUG: Module ps_facetedsearch has no vendor folder [] []
[2026-07-23T10:28:07.850803+07:00] app.DEBUG: Protect vendor folder in module ps_faviconnotificationbo [] []
[2026-07-23T10:28:07.851142+07:00] app.DEBUG: Module ps_faviconnotificationbo has no vendor folder [] []
[2026-07-23T10:28:07.939056+07:00] app.DEBUG: Protect vendor folder in module ps_featuredproducts [] []
[2026-07-23T10:28:07.939199+07:00] app.DEBUG: Module ps_featuredproducts has no vendor folder [] []
[2026-07-23T10:28:08.069181+07:00] app.DEBUG: Protect vendor folder in module ps_googleanalytics [] []
[2026-07-23T10:28:08.069390+07:00] app.DEBUG: Module ps_googleanalytics has no vendor folder [] []
[2026-07-23T10:28:08.234598+07:00] app.DEBUG: Protect vendor folder in module ps_imageslider [] []
[2026-07-23T10:28:08.234883+07:00] app.DEBUG: Module ps_imageslider has no vendor folder [] []
[2026-07-23T10:28:08.314984+07:00] app.DEBUG: Protect vendor folder in module ps_languageselector [] []
[2026-07-23T10:28:08.315173+07:00] app.DEBUG: Module ps_languageselector has no vendor folder [] []
[2026-07-23T10:28:08.573791+07:00] app.DEBUG: Protect vendor folder in module ps_linklist [] []
[2026-07-23T10:28:08.574058+07:00] app.DEBUG: Module ps_linklist has no vendor folder [] []
[2026-07-23T10:28:08.910903+07:00] app.DEBUG: Protect vendor folder in module ps_mainmenu [] []
[2026-07-23T10:28:08.911093+07:00] app.DEBUG: Module ps_mainmenu has no vendor folder [] []
[2026-07-23T05:28:09.637202+02:00] php.INFO: User Deprecated: Since PrestaShop\PrestaShop 9: The "prestashop.adapter.cache.clearer.symfony_cache_clearer" service alias is deprecated. You should stop using it, as it will be removed in the future. {"exception":"[object] (ErrorException(code: 0): User Deprecated: Since PrestaShop\\PrestaShop 9: The \"prestashop.adapter.cache.clearer.symfony_cache_clearer\" service alias is deprecated. You should stop using it, as it will be removed in the future. at C:\\xampp\\htdocs\\nantech-store\\var\\cache\\prod\\admin\\ContainerD5RVPcS\\AdminKernelProdContainer.php:5897)"} []
[2026-07-23T10:28:09.770191+07:00] app.DEBUG: Protect vendor folder in module ps_mbo [] []
[2026-07-23T10:28:09.879850+07:00] app.DEBUG: Protect vendor folder in module ps_newproducts [] []
[2026-07-23T10:28:09.880167+07:00] app.DEBUG: Module ps_newproducts has no vendor folder [] []
[2026-07-23T10:28:09.950308+07:00] app.DEBUG: Protect vendor folder in module ps_searchbar [] []
[2026-07-23T10:28:09.950507+07:00] app.DEBUG: Module ps_searchbar has no vendor folder [] []
[2026-07-23T10:28:10.029336+07:00] app.DEBUG: Protect vendor folder in module ps_sharebuttons [] []
[2026-07-23T10:28:10.029594+07:00] app.DEBUG: Module ps_sharebuttons has no vendor folder [] []
[2026-07-23T10:28:10.124783+07:00] app.DEBUG: Protect vendor folder in module ps_shoppingcart [] []
[2026-07-23T10:28:10.124936+07:00] app.DEBUG: Module ps_shoppingcart has no vendor folder [] []
[2026-07-23T10:28:10.221650+07:00] app.DEBUG: Protect vendor folder in module ps_socialfollow [] []
[2026-07-23T10:28:10.221851+07:00] app.DEBUG: Module ps_socialfollow has no vendor folder [] []
[2026-07-23T10:28:10.317956+07:00] app.DEBUG: Protect vendor folder in module ps_specials [] []
[2026-07-23T10:28:10.318152+07:00] app.DEBUG: Module ps_specials has no vendor folder [] []
[2026-07-23T10:28:10.393298+07:00] app.DEBUG: Protect vendor folder in module ps_supplierlist [] []
[2026-07-23T10:28:10.393561+07:00] app.DEBUG: Module ps_supplierlist has no vendor folder [] []
[2026-07-23T10:28:10.525124+07:00] app.DEBUG: Protect vendor folder in module ps_themecusto [] []
[2026-07-23T10:28:10.525324+07:00] app.DEBUG: Module ps_themecusto has no vendor folder [] []
[2026-07-23T10:28:10.597254+07:00] app.DEBUG: Protect vendor folder in module ps_viewedproduct [] []
[2026-07-23T10:28:10.597447+07:00] app.DEBUG: Module ps_viewedproduct has no vendor folder [] []
[2026-07-23T10:28:10.686301+07:00] app.DEBUG: Protect vendor folder in module ps_wirepayment [] []
[2026-07-23T10:28:10.686496+07:00] app.DEBUG: Module ps_wirepayment has no vendor folder [] []
[2026-07-23T10:28:10.752221+07:00] app.DEBUG: Protect vendor folder in module statsbestcategories [] []
[2026-07-23T10:28:10.752406+07:00] app.DEBUG: Module statsbestcategories has no vendor folder [] []
[2026-07-23T10:28:10.817825+07:00] app.DEBUG: Protect vendor folder in module statsbestcustomers [] []
[2026-07-23T10:28:10.818025+07:00] app.DEBUG: Module statsbestcustomers has no vendor folder [] []
[2026-07-23T10:28:10.887539+07:00] app.DEBUG: Protect vendor folder in module statsbestmanufacturers [] []
[2026-07-23T10:28:10.887705+07:00] app.DEBUG: Module statsbestmanufacturers has no vendor folder [] []
[2026-07-23T10:28:10.954476+07:00] app.DEBUG: Protect vendor folder in module statsbestproducts [] []
[2026-07-23T10:28:10.954641+07:00] app.DEBUG: Module statsbestproducts has no vendor folder [] []
[2026-07-23T10:28:11.019885+07:00] app.DEBUG: Protect vendor folder in module statsbestsuppliers [] []
[2026-07-23T10:28:11.020054+07:00] app.DEBUG: Module statsbestsuppliers has no vendor folder [] []
[2026-07-23T10:28:11.092730+07:00] app.DEBUG: Protect vendor folder in module statsbestvouchers [] []
[2026-07-23T10:28:11.092945+07:00] app.DEBUG: Module statsbestvouchers has no vendor folder [] []
[2026-07-23T10:28:11.153484+07:00] app.DEBUG: Protect vendor folder in module statscarrier [] []
[2026-07-23T10:28:11.153641+07:00] app.DEBUG: Module statscarrier has no vendor folder [] []
[2026-07-23T10:28:11.222431+07:00] app.DEBUG: Protect vendor folder in module statscatalog [] []
[2026-07-23T10:28:11.222636+07:00] app.DEBUG: Module statscatalog has no vendor folder [] []
[2026-07-23T10:28:11.294930+07:00] app.DEBUG: Protect vendor folder in module statscheckup [] []
[2026-07-23T10:28:11.295125+07:00] app.DEBUG: Module statscheckup has no vendor folder [] []
[2026-07-23T10:28:11.368477+07:00] app.DEBUG: Protect vendor folder in module statsdata [] []
[2026-07-23T10:28:11.368823+07:00] app.DEBUG: Module statsdata has no vendor folder [] []
[2026-07-23T10:28:11.476009+07:00] app.DEBUG: Protect vendor folder in module statsforecast [] []
[2026-07-23T10:28:11.476248+07:00] app.DEBUG: Module statsforecast has no vendor folder [] []
[2026-07-23T10:28:11.555411+07:00] app.DEBUG: Protect vendor folder in module statsnewsletter [] []
[2026-07-23T10:28:11.555665+07:00] app.DEBUG: Module statsnewsletter has no vendor folder [] []
[2026-07-23T10:28:11.625913+07:00] app.DEBUG: Protect vendor folder in module statspersonalinfos [] []
[2026-07-23T10:28:11.626094+07:00] app.DEBUG: Module statspersonalinfos has no vendor folder [] []
[2026-07-23T10:28:11.717484+07:00] app.DEBUG: Protect vendor folder in module statsproduct [] []
[2026-07-23T10:28:11.717672+07:00] app.DEBUG: Module statsproduct has no vendor folder [] []
[2026-07-23T10:28:11.786890+07:00] app.DEBUG: Protect vendor folder in module statsregistrations [] []
[2026-07-23T10:28:11.787095+07:00] app.DEBUG: Module statsregistrations has no vendor folder [] []
[2026-07-23T10:28:11.866737+07:00] app.DEBUG: Protect vendor folder in module statssales [] []
[2026-07-23T10:28:11.867002+07:00] app.DEBUG: Module statssales has no vendor folder [] []
[2026-07-23T10:28:11.936812+07:00] app.DEBUG: Protect vendor folder in module statssearch [] []
[2026-07-23T10:28:11.937007+07:00] app.DEBUG: Module statssearch has no vendor folder [] []
[2026-07-23T10:28:12.007075+07:00] app.DEBUG: Protect vendor folder in module statsstock [] []
[2026-07-23T10:28:12.007218+07:00] app.DEBUG: Module statsstock has no vendor folder [] []
[2026-07-23T10:28:12.386277+07:00] app.ERROR: ExecKernelCacheClearer: Could not clear cache for admin env prod result: 1 output: array (   0 => '\'php\' is not recognized as an internal or external command,',   1 => 'operable program or batch file.', ) [] []
[2026-07-23T05:28:15.980668+02:00] php.INFO: User Deprecated: Since symfony/http-kernel 6.3: Parameter "container.dumper.inline_class_loader" is deprecated, use ".container.dumper.inline_class_loader" instead. {"exception":"[object] (ErrorException(code: 0): User Deprecated: Since symfony/http-kernel 6.3: Parameter \"container.dumper.inline_class_loader\" is deprecated, use \".container.dumper.inline_class_loader\" instead. at C:\\xampp\\htdocs\\nantech-store\\vendor\\symfony\\http-kernel\\Kernel.php:717)"} []
[2026-07-23T10:28:48.559454+07:00] app.INFO: ApplicationKernelCacheClearer: Successfully cleared cache for admin env prod debug on [] []
[2026-07-23T10:28:49.357326+07:00] app.INFO: ApplicationKernelCacheClearer: Successfully cleared cache for admin env prod debug off [] []
[2026-07-23T05:28:49.364662+02:00] php.WARNING: Warning: require(C:\xampp\htdocs\nantech-store\var\cache\prod\admin\ContainerOhPTpNj\get_Console_Command_CacheWarmup_LazyService.php): Failed to open stream: No such file or directory {"exception":"[object] (ErrorException(code: 0): Warning: require(C:\\xampp\\htdocs\\nantech-store\\var\\cache\\prod\\admin\\ContainerOhPTpNj\\get_Console_Command_CacheWarmup_LazyService.php): Failed to open stream: No such file or directory at C:\\xampp\\htdocs\\nantech-store\\var\\cache\\prod\\admin\\ContainerOhPTpNj\\AdminKernelProdDebugContainer.php:2269)"} []
[2026-07-23T05:28:49.367465+02:00] php.WARNING: Warning: require(C:\xampp\htdocs\nantech-store\var\cache\prod\admin\ContainerOhPTpNj\getConsole_ErrorListenerService.php): Failed to open stream: No such file or directory {"exception":"[object] (ErrorException(code: 0): Warning: require(C:\\xampp\\htdocs\\nantech-store\\var\\cache\\prod\\admin\\ContainerOhPTpNj\\getConsole_ErrorListenerService.php): Failed to open stream: No such file or directory at C:\\xampp\\htdocs\\nantech-store\\var\\cache\\prod\\admin\\ContainerOhPTpNj\\AdminKernelProdDebugContainer.php:2269)"} []
[2026-07-23T10:28:49.367534+07:00] app.ERROR: SymfonyCacheClearer: Error while clearing cache for admin env prod using PrestaShop\PrestaShop\Adapter\Cache\Clearer\Symfony\ApplicationKernelCacheClearer: Failed opening required 'C:\xampp\htdocs\nantech-store\var\cache\prod\admin\ContainerOhPTpNj\getConsole_ErrorListenerService.php' (include_path='C:\xampp\php\PEAR') [] []
[2026-07-23T10:28:49.369913+07:00] app.DEBUG: FilesystemKernelCacheClearer: Trying manual removal on trial 1/5 of cache folder C:\xampp\htdocs\nantech-store/var/cache/prod/admin [] []
[2026-07-23T10:28:49.884794+07:00] app.INFO: FilesystemKernelCacheClearer: Cache folder C:\xampp\htdocs\nantech-store/var/cache/prod/admin successfully cleared manually [] []
[2026-07-23T10:28:49.887031+07:00] app.DEBUG: SymfonyCacheClearer: No symfony cache to clear for admin-api env prod [] []
[2026-07-23T10:28:49.887180+07:00] app.DEBUG: SymfonyCacheClearer: No symfony cache to clear for front env prod [] []
[2026-07-23T10:28:49.890241+07:00] app.DEBUG: SymfonyCacheClearer: No symfony cache to clear for admin env dev [] []
[2026-07-23T10:28:49.890381+07:00] app.DEBUG: SymfonyCacheClearer: No symfony cache to clear for admin-api env dev [] []
[2026-07-23T10:28:49.890451+07:00] app.DEBUG: SymfonyCacheClearer: No symfony cache to clear for front env dev [] []
